<?xml version="1.0" encoding="utf-8" standalone="yes"?>
<rss version="2.0" xmlns:atom="http://www.w3.org/2005/Atom">
  <channel>
    <title>MemoryMamagemtn on Jackson Blog</title>
    <link>https://blog.jaxwang28.top/tags/memorymamagemtn/</link>
    <description>Recent content in MemoryMamagemtn on Jackson Blog</description>
    <generator>Hugo</generator>
    <language>zh-CN</language>
    <lastBuildDate>Tue, 29 Apr 2025 16:30:00 +0800</lastBuildDate>
    <atom:link href="https://blog.jaxwang28.top/tags/memorymamagemtn/index.xml" rel="self" type="application/rss+xml" />
    <item>
      <title>Linux Kernel 内存管理之物理内存模型</title>
      <link>https://blog.jaxwang28.top/p/linux-kernel-memory-physical-memory-model/</link>
      <pubDate>Tue, 29 Apr 2025 16:30:00 +0800</pubDate>
      <guid>https://blog.jaxwang28.top/p/linux-kernel-memory-physical-memory-model/</guid>
      <description>&lt;h1 id=&#34;linux-kernel-内存管理之物理内存模型&#34;&gt;Linux Kernel 内存管理之物理内存模型&lt;/h1&gt;&#xA;&lt;p&gt;4GB RAM 4KB 页面大小的 Linux 系统会产生一百万之多的 &lt;code&gt;struct page&lt;/code&gt;，组织管理这些结构体的方式我们称为内存模型。Linux 目前支持两种模型：&lt;code&gt;FLATMEM&lt;/code&gt; &lt;code&gt;SPARSEMEM&lt;/code&gt;。&lt;/p&gt;&#xA;&lt;p&gt;无论选择哪个内存模型，都会通过&lt;strong&gt;一个或多个数组&lt;/strong&gt;管理 &lt;code&gt;struct page&lt;/code&gt;。&lt;/p&gt;&#xA;&lt;h2 id=&#34;一内存空洞-memory-hole&#34;&gt;一、内存空洞 memory hole&lt;/h2&gt;&#xA;&lt;p&gt;事实上 RAM 只是物理地址空间的一部分，物理地址空间通常会出现一部分地址是不用做普通内存使用的，对于这地址我们称之为&lt;strong&gt;内存空洞 Memory Hole&lt;/strong&gt;。&lt;/p&gt;&#xA;&lt;p&gt;使用 &lt;code&gt;qemu-system-x86_64 -m 8G &lt;/code&gt; 启动 Kernel，可以看到下面 log&lt;/p&gt;&#xA;&lt;pre tabindex=&#34;0&#34;&gt;&lt;code&gt;[    0.000000] BIOS-provided physical RAM map:&#xA;[    0.000000] BIOS-e820: [mem 0x0000000000000000-0x000000000009fbff] usable&#xA;[    0.000000] BIOS-e820: [mem 0x000000000009fc00-0x000000000009ffff] reserved&#xA;[    0.000000] BIOS-e820: [mem 0x00000000000f0000-0x00000000000fffff] reserved&#xA;[    0.000000] BIOS-e820: [mem 0x0000000000100000-0x00000000bffdffff] usable&#xA;[    0.000000] BIOS-e820: [mem 0x00000000bffe0000-0x00000000bfffffff] reserved&#xA;[    0.000000] BIOS-e820: [mem 0x00000000fffc0000-0x00000000ffffffff] reserved&#xA;[    0.000000] BIOS-e820: [mem 0x0000000100000000-0x000000023fffffff] usable&#xA;[    0.000000] BIOS-e820: [mem 0x000000fd00000000-0x000000ffffffffff] reserved&#xA;&lt;/code&gt;&lt;/pre&gt;&lt;p&gt;对于其中 &lt;code&gt;reserved&lt;/code&gt; 的部分是不可作为普通内存使用的。&lt;/p&gt;</description>
    </item>
  </channel>
</rss>
